This is pdfTeX, Version 3.14159265-2.6-1.40.21 (TeX Live 2020) (preloaded format=pdflatex 2020.4.7)  24 JUN 2025 19:23
entering extended mode
 restricted \write18 enabled.
 file:line:error style messages enabled.
 %&-line parsing enabled.
**sec-plot-magnetic.tex
(./sec-plot-magnetic.tex
LaTeX2e <2020-02-02> patch level 5
L3 programming layer <2020-03-06>
./sec-plot-magnetic.tex:2: Undefined control sequence.
<write>  \enumContent 
                      \pSections "sec-plot-magnetic.tex"
l.2 ...Content \pSections "sec-plot-magnetic.tex"}
                                                  
? 
./sec-plot-magnetic.tex:2: Emergency stop.
<write>  \enumContent 
                      \pSections "sec-plot-magnetic.tex"
l.2 ...Content \pSections "sec-plot-magnetic.tex"}
                                                  
End of file on the terminal!

 
Here is how much of TeX's memory you used:
 18 strings out of 480608
 442 string characters out of 5903631
 239610 words of memory out of 5000000
 16011 multiletter control sequences out of 15000+600000
 532338 words of font info for 24 fonts, out of 8000000 for 9000
 1141 hyphenation exceptions out of 8191
 12i,0n,15p,97b,8s stack positions out of 5000i,500n,10000p,200000b,80000s
./sec-plot-magnetic.tex:2:  ==> Fatal error occurred, no output PDF file produc
ed!
