\BOOKMARK [1][-]{section.1}{Introduction}{}% 1
\BOOKMARK [2][-]{subsection.1.1}{Perspective}{section.1}% 2
\BOOKMARK [2][-]{subsection.1.2}{Outline}{section.1}% 3
\BOOKMARK [1][-]{section.2}{Taylor's Scaling Law}{}% 4
\BOOKMARK [2][-]{subsection.2.1}{Measurement}{section.2}% 5
\BOOKMARK [2][-]{subsection.2.2}{Similarity}{section.2}% 6
\BOOKMARK [1][-]{section.3}{Linear Algebra Theory}{}% 7
\BOOKMARK [2][-]{subsection.3.1}{Toolkit: The Inner Product}{section.3}% 8
\BOOKMARK [2][-]{subsection.3.2}{Existence of Orthogonal Decomposition: The Fundamental Theorem}{section.3}% 9
\BOOKMARK [2][-]{subsection.3.3}{Solvability: The Fredholm Alternative}{section.3}% 10
\BOOKMARK [2][-]{subsection.3.4}{Solution: Methods of Least Squares}{section.3}% 11
\BOOKMARK [2][-]{subsection.3.5}{Finding an Orthogonal Decomposition: The Singular Value Decomposition}{section.3}% 12
\BOOKMARK [3][-]{subsubsection.3.5.1}{Subspace Decomposition}{subsection.3.5}% 13
\BOOKMARK [3][-]{subsubsection.3.5.2}{Posed v. Solved}{subsection.3.5}% 14
\BOOKMARK [3][-]{subsubsection.3.5.3}{Fundamental Projectors}{subsection.3.5}% 15
\BOOKMARK [3][-]{subsubsection.3.5.4}{The General Solution for Linear Least Squares}{subsection.3.5}% 16
\BOOKMARK [1][-]{section.4}{Fundamental Linear Problem: blueu = v}{}% 17
\BOOKMARK [2][-]{subsection.4.1}{Fundamental Linear Problem}{section.4}% 18
\BOOKMARK [2][-]{subsection.4.2}{Geometric Problem}{section.4}% 19
\BOOKMARK [2][-]{subsection.4.3}{Other Least Squares Solutions}{section.4}% 20
\BOOKMARK [3][-]{subsubsection.4.3.1}{Least Squares Solution: Normal Equations}{subsection.4.3}% 21
\BOOKMARK [3][-]{subsubsection.4.3.2}{Least Squares Solution: Normal Equations, Again}{subsection.4.3}% 22
\BOOKMARK [3][-]{subsubsection.4.3.3}{Least Squares Solution: Pseudoinverse}{subsection.4.3}% 23
\BOOKMARK [2][-]{subsection.4.4}{Cauchy-Schwarz Inequality}{section.4}% 24
\BOOKMARK [2][-]{subsection.4.5}{Error Propagation}{section.4}% 25
\BOOKMARK [2][-]{subsection.4.6}{Seeing the Minimization}{section.4}% 26
\BOOKMARK [2][-]{subsection.4.7}{Subspace Decomposition}{section.4}% 27
\BOOKMARK [1][-]{section.5}{Numeric Results}{}% 28
\BOOKMARK [2][-]{subsection.5.1}{Measurements}{section.5}% 29
\BOOKMARK [2][-]{subsection.5.2}{Published Solution}{section.5}% 30
\BOOKMARK [3][-]{subsubsection.5.2.1}{Least Squares Implicit in Taylor\220s Construction}{subsection.5.2}% 31
\BOOKMARK [3][-]{subsubsection.5.2.2}{Error Propagation}{subsection.5.2}% 32
\BOOKMARK [2][-]{subsection.5.3}{Comparing Results}{section.5}% 33
\BOOKMARK [3][-]{subsubsection.5.3.1}{Minimization}{subsection.5.3}% 34
\BOOKMARK [3][-]{subsubsection.5.3.2}{Orthogonality}{subsection.5.3}% 35
\BOOKMARK [3][-]{subsubsection.5.3.3}{Achieved Minimum Value}{subsection.5.3}% 36
\BOOKMARK [3][-]{subsubsection.5.3.4}{Seeing the Residual Errors}{subsection.5.3}% 37
\BOOKMARK [3][-]{subsubsection.5.3.5}{Numeric Verification}{subsection.5.3}% 38
\BOOKMARK [2][-]{subsection.5.4}{Logarithmic Failure}{section.5}% 39
\BOOKMARK [2][-]{subsection.5.5}{Why Not Weapon Yield?}{section.5}% 40
\BOOKMARK [1][-]{section.6}{Conclusion}{}% 41
\BOOKMARK [1][-]{section.7}{Theorems and Proofs}{}% 42
\BOOKMARK [2][-]{subsection.7.1}{Theorems and Proofs for \2473}{section.7}% 43
\BOOKMARK [2][-]{subsection.7.2}{Theorems and Proofs for \2474.4}{section.7}% 44
\BOOKMARK [2][-]{subsection.7.3}{Theorems and Proofs for \2475.2}{section.7}% 45
