\BOOKMARK [1][-]{section.1}{Introduction}{}% 1
\BOOKMARK [2][-]{subsection.1.1}{Finding the Data}{section.1}% 2
\BOOKMARK [2][-]{subsection.1.2}{About NASA Common Data Format}{section.1}% 3
\BOOKMARK [2][-]{subsection.1.3}{About Radiation Belt Storm Probes}{section.1}% 4
\BOOKMARK [2][-]{subsection.1.4}{About Energetic particle, Composition, and Thermal plasma Suite}{section.1}% 5
\BOOKMARK [2][-]{subsection.1.5}{Data Warehouses}{section.1}% 6
\BOOKMARK [2][-]{subsection.1.6}{Downloading the Data}{section.1}% 7
\BOOKMARK [1][-]{section.2}{Importing the Data}{}% 8
\BOOKMARK [2][-]{subsection.2.1}{NASA CDF Data Import via Mathematica Import}{section.2}% 9
\BOOKMARK [2][-]{subsection.2.2}{Mathematica Probes for NASA CDF}{section.2}% 10
\BOOKMARK [3][-]{subsubsection.2.2.1}{First Steps With Mathematica}{subsection.2.2}% 11
\BOOKMARK [3][-]{subsubsection.2.2.2}{Other Probes With Mathematica}{subsection.2.2}% 12
\BOOKMARK [2][-]{subsection.2.3}{Initial Data Query}{section.2}% 13
\BOOKMARK [1][-]{section.3}{Satellite Position Plots}{}% 14
\BOOKMARK [2][-]{subsection.3.1}{Position Components Over Time}{section.3}% 15
\BOOKMARK [3][-]{subsubsection.3.1.1}{Position Components with Clicks}{subsection.3.1}% 16
\BOOKMARK [3][-]{subsubsection.3.1.2}{Time Accounting}{subsection.3.1}% 17
\BOOKMARK [3][-]{subsubsection.3.1.3}{Position Components with Hours}{subsection.3.1}% 18
\BOOKMARK [2][-]{subsection.3.2}{3D Trajectory in Earth-Fixed Coordinates}{section.3}% 19
\BOOKMARK [2][-]{subsection.3.3}{3D Trajectory Colored by Time}{section.3}% 20
\BOOKMARK [2][-]{subsection.3.4}{Radial Distance from Earth\220s Center}{section.3}% 21
\BOOKMARK [1][-]{section.4}{Magnetic Field Plots}{}% 22
\BOOKMARK [2][-]{subsection.4.1}{Earth's Magnetic Shield}{section.4}% 23
\BOOKMARK [3][-]{subsubsection.4.1.1}{Magnetic Local Time}{subsection.4.1}% 24
\BOOKMARK [3][-]{subsubsection.4.1.2}{McIlwain L Parameter}{subsection.4.1}% 25
\BOOKMARK [2][-]{subsection.4.2}{Magnetic Mirroring in Radiation Belts}{section.4}% 26
\BOOKMARK [3][-]{subsubsection.4.2.1}{Artificial Radiation Belts from Nuclear Detonations}{subsection.4.2}% 27
\BOOKMARK [1][-]{section.5}{Summary}{}% 28
\BOOKMARK [2][-]{subsection.5.1}{Minimal Working Example}{section.5}% 29
\BOOKMARK [2][-]{subsection.5.2}{Data Summary}{section.5}% 30
\BOOKMARK [2][-]{subsection.5.3}{Mathematica Summary}{section.5}% 31
\BOOKMARK [1][-]{appendix.A}{Extended Listings from the CDF File}{}% 32
\BOOKMARK [2][-]{subsection.A.1}{Variable Descriptions}{appendix.A}% 33
\BOOKMARK [2][-]{subsection.A.2}{Annotations}{appendix.A}% 34
